[tk-themes.net/html-umbra/index.html]
[backblue.gif]
[fade.gif]
[index.html]
[tk-themes.net/html-umbra/images/favicon.ico]
[tk-themes.net/html-umbra/css/bootstrap.min.css]
[tk-themes.net/html-umbra/css/settings.css]
[tk-themes.net/html-umbra/css/prettyPhoto.css]
[tk-themes.net/html-umbra/css/magnific-popup.css]
[tk-themes.net/html-umbra/css/font-awesome.min.css]
[tk-themes.net/html-umbra/css/elegantIcon.css]
[tk-themes.net/html-umbra/css/style.css]
[tk-themes.net/html-umbra/css/custom.css]
[tk-themes.net/html-umbra/images/logo.png]
[tk-themes.net/html-umbra/index-2.html]
[tk-themes.net/html-umbra/index-3.html]
[tk-themes.net/html-umbra/index-4.html]
[tk-themes.net/html-umbra/index-5.html]
[tk-themes.net/html-umbra/index-6.html]
[tk-themes.net/html-umbra/index-7.html]
[tk-themes.net/html-umbra/blog.html]
[tk-themes.net/html-umbra/blog-masonry.html]
[tk-themes.net/html-umbra/blog-grid.html]
[tk-themes.net/html-umbra/blog-alternate.html]
[tk-themes.net/html-umbra/blog-zigzag.html]
[tk-themes.net/html-umbra/blog-zigzag-2.html]
[tk-themes.net/html-umbra/blog-zigzag-3.html]
[tk-themes.net/html-umbra/blog-detail.html]
[tk-themes.net/html-umbra/shop.html]
[tk-themes.net/html-umbra/shop-2.html]
[tk-themes.net/html-umbra/shop-3.html]
[tk-themes.net/html-umbra/shop-list.html]
[tk-themes.net/html-umbra/shop-detail.html]
[tk-themes.net/html-umbra/cart.html]
[tk-themes.net/html-umbra/cart-empty.html]
[tk-themes.net/html-umbra/my-account.html]
[tk-themes.net/html-umbra/wishlist.html]
[tk-themes.net/html-umbra/faq.html]
[tk-themes.net/html-umbra/about-us.html]
[tk-themes.net/html-umbra/404.html]
[tk-themes.net/html-umbra/contact-us.html]
[tk-themes.net/html-umbra/images/slider/slider_1.jpg]
[tk-themes.net/html-umbra/images/slider/slider_2.jpg]
[tk-themes.net/html-umbra/images/slider/slider_3.jpg]
[tk-themes.net/html-umbra/images/banner/banner_1.jpg]
[tk-themes.net/html-umbra/images/banner/banner_2.jpg]
[tk-themes.net/html-umbra/images/banner/banner_3.jpg]
[tk-themes.net/html-umbra/images/banner/banner_4.jpg]
[tk-themes.net/html-umbra/images/banner/banner_5.jpg]
[tk-themes.net/html-umbra/ajax/product-quickview.html]
[tk-themes.net/html-umbra/images/product/product_1.jpg]
[tk-themes.net/html-umbra/images/product/product_1b.jpg]
[tk-themes.net/html-umbra/images/product/product_2.jpg]
[tk-themes.net/html-umbra/images/product/product_2b.jpg]
[tk-themes.net/html-umbra/images/product/product_2c.jpg]
[tk-themes.net/html-umbra/images/product/product_2d.jpg]
[tk-themes.net/html-umbra/images/product/product_3.jpg]
[tk-themes.net/html-umbra/images/product/product_3b.jpg]
[tk-themes.net/html-umbra/images/product/product_3c.jpg]
[tk-themes.net/html-umbra/images/product/product_4.jpg]
[tk-themes.net/html-umbra/images/product/product_4b.jpg]
[tk-themes.net/html-umbra/images/product/product_4c.jpg]
[tk-themes.net/html-umbra/images/product/product_5.jpg]
[tk-themes.net/html-umbra/images/product/product_5b.jpg]
[tk-themes.net/html-umbra/images/product/product_5c.jpg]
[tk-themes.net/html-umbra/images/product/product_6.jpg]
[tk-themes.net/html-umbra/images/product/product_6b.jpg]
[tk-themes.net/html-umbra/images/product/product_6c.jpg]
[tk-themes.net/html-umbra/images/product/product_6d.jpg]
[tk-themes.net/html-umbra/images/image_1.png]
[tk-themes.net/html-umbra/images/product/thumb/product_1.jpg]
[tk-themes.net/html-umbra/images/product/thumb/product_2.jpg]
[tk-themes.net/html-umbra/images/product/thumb/product_3.jpg]
[tk-themes.net/html-umbra/images/product/thumb/product_4.jpg]
[tk-themes.net/html-umbra/images/partner/partner_1.png]
[tk-themes.net/html-umbra/images/partner/partner_2.png]
[tk-themes.net/html-umbra/images/partner/partner_3.png]
[tk-themes.net/html-umbra/images/partner/partner_4.png]
[tk-themes.net/html-umbra/images/partner/partner_5.png]
[tk-themes.net/html-umbra/images/partner/partner_6.png]
[tk-themes.net/html-umbra/images/blog/blog_1.jpg]
[tk-themes.net/html-umbra/images/blog/blog_2.jpg]
[tk-themes.net/html-umbra/images/gallery/gallery_1.jpg]
[tk-themes.net/html-umbra/images/gallery/gallery_2.jpg]
[tk-themes.net/html-umbra/images/gallery/gallery_3.jpg]
[tk-themes.net/html-umbra/images/gallery/gallery_4.jpg]
[tk-themes.net/html-umbra/images/gallery/gallery_5.jpg]
[tk-themes.net/html-umbra/images/avatar/avatar_1.jpg]
[tk-themes.net/html-umbra/images/avatar/avatar_2.jpg]
[tk-themes.net/html-umbra/images/avatar/avatar_3.jpg]
[tk-themes.net/html-umbra/images/payment_logo.png]
[tk-themes.net/html-umbra/js/jquery-migrate.min.js]
[tk-themes.net/html-umbra/js/bootstrap.min.js]
[tk-themes.net/html-umbra/js/jquery.min.js]
[tk-themes.net/html-umbra/js/jquery.themepunch.revolution.min.js]
[tk-themes.net/html-umbra/js/modernizr-2.7.1.min.js]
[tk-themes.net/html-umbra/js/jquery.prettyPhoto.init.min.js]
[tk-themes.net/html-umbra/js/jquery.themepunch.tools.min.js]
[tk-themes.net/html-umbra/js/jquery.prettyPhoto.js]
[tk-themes.net/html-umbra/js/off-cavnas.js]
[tk-themes.net/html-umbra/js/imagesloaded.pkgd.min.js]
[tk-themes.net/html-umbra/js/jquery.magnific-popup.js]
[tk-themes.net/html-umbra/js/owl.carousel.min.js]
[tk-themes.net/html-umbra/js/isotope.pkgd.min.js]
[tk-themes.net/html-umbra/js/jquery.countdown.min.js]
[tk-themes.net/html-umbra/js/script.js]
[tk-themes.net/html-umbra/js/extensions/revolution.extension.video.min.js]
[tk-themes.net/html-umbra/js/extensions/revolution.extension.actions.min.js]
[tk-themes.net/html-umbra/js/extensions/revolution.extension.slideanims.min.js]
[tk-themes.net/html-umbra/js/extensions/revolution.extension.kenburn.min.js]
[tk-themes.net/html-umbra/js/extensions/revolution.extension.migration.min.js]
[tk-themes.net/html-umbra/js/extensions/revolution.extension.navigation.min.js]
[tk-themes.net/html-umbra/index.html]
[tk-themes.net/html-umbra/js/extensions/revolution.extension.layeranimation.min.js]
[tk-themes.net/html-umbra/js/extensions/revolution.extension.parallax.min.js]
[tk-themes.net/html-umbra/fonts/glyphicons-halflings-regular.woff2]
[tk-themes.net/html-umbra/css/bootstrap.min.css]
[tk-themes.net/html-umbra/fonts/revicons.eot]
[tk-themes.net/html-umbra/fonts/revicons.woff]
[tk-themes.net/html-umbra/fonts/revicons.ttf]
[tk-themes.net/html-umbra/fonts/revicons.svg]
[tk-themes.net/html-umbra/css/openhand.cur]
[tk-themes.net/html-umbra/css/closedhand.cur]
[tk-themes.net/html-umbra/css/settings.css]
[tk-themes.net/html-umbra/images/prettyPhoto/default/sprite.png]
[tk-themes.net/html-umbra/images/prettyPhoto/default/sprite_x.png]
[tk-themes.net/html-umbra/images/prettyPhoto/default/sprite_y.png]
[tk-themes.net/html-umbra/images/prettyPhoto/default/sprite_next.png]
[tk-themes.net/html-umbra/images/prettyPhoto/default/sprite_prev.png]
[tk-themes.net/html-umbra/images/prettyPhoto/default/default_thumb.png]
[tk-themes.net/html-umbra/images/prettyPhoto/default/loader.gif]
[tk-themes.net/html-umbra/images/prettyPhoto/light_rounded/sprite.png]
[tk-themes.net/html-umbra/images/prettyPhoto/light_rounded/btnNext.png]
[tk-themes.net/html-umbra/images/prettyPhoto/light_rounded/btnPrevious.png]
[tk-themes.net/html-umbra/images/prettyPhoto/light_rounded/loader.gif]
[tk-themes.net/html-umbra/images/prettyPhoto/dark_rounded/sprite.png]
[tk-themes.net/html-umbra/images/prettyPhoto/dark_rounded/contentPattern.png]
[tk-themes.net/html-umbra/images/prettyPhoto/dark_rounded/btnNext.png]
[tk-themes.net/html-umbra/images/prettyPhoto/dark_rounded/btnPrevious.png]
[tk-themes.net/html-umbra/images/prettyPhoto/dark_rounded/loader.gif]
[tk-themes.net/html-umbra/images/prettyPhoto/dark_square/loader.gif]
[tk-themes.net/html-umbra/images/prettyPhoto/dark_square/sprite.png]
[tk-themes.net/html-umbra/images/prettyPhoto/dark_square/btnNext.png]
[tk-themes.net/html-umbra/images/prettyPhoto/dark_square/btnPrevious.png]
[tk-themes.net/html-umbra/images/prettyPhoto/light_square/sprite.png]
[tk-themes.net/html-umbra/images/prettyPhoto/light_square/btnNext.png]
[tk-themes.net/html-umbra/images/prettyPhoto/light_square/btnPrevious.png]
[tk-themes.net/html-umbra/images/prettyPhoto/facebook/sprite.png]
[tk-themes.net/html-umbra/images/prettyPhoto/facebook/contentPatternTop.png]
[tk-themes.net/html-umbra/images/prettyPhoto/facebook/contentPatternLeft.png]
[tk-themes.net/html-umbra/images/prettyPhoto/facebook/contentPatternRight.png]
[tk-themes.net/html-umbra/images/prettyPhoto/facebook/loader.gif]
[tk-themes.net/html-umbra/images/prettyPhoto/facebook/btnNext.png]
[tk-themes.net/html-umbra/images/prettyPhoto/facebook/btnPrevious.png]
[tk-themes.net/html-umbra/images/prettyPhoto/facebook/contentPatternBottom.png]
[tk-themes.net/html-umbra/images/prettyPhoto/facebook/default_thumbnail.gif]
[tk-themes.net/html-umbra/css/prettyPhoto.css]
[tk-themes.net/html-umbra/css/magnific-popup.css]
[tk-themes.net/html-umbra/fonts/fontawesome-webfont5b62.eot]
[tk-themes.net/html-umbra/fonts/fontawesome-webfontd41d.eot]
[tk-themes.net/html-umbra/fonts/fontawesome-webfont5b62.woff2]
[tk-themes.net/html-umbra/fonts/fontawesome-webfont5b62.woff]
[tk-themes.net/html-umbra/fonts/fontawesome-webfont5b62.ttf]
[tk-themes.net/html-umbra/css/font-awesome.min.css]
[tk-themes.net/html-umbra/fonts/ElegantIcons.eot]
[tk-themes.net/html-umbra/fonts/fontawesome-webfont5b62.svg]
[tk-themes.net/html-umbra/fonts/ElegantIconsd41d.eot]
[tk-themes.net/html-umbra/fonts/ElegantIcons.woff]
[tk-themes.net/html-umbra/fonts/ElegantIcons.ttf]
[tk-themes.net/html-umbra/css/elegantIcon.css]
[tk-themes.net/html-umbra/css/owl.carousel.css]
[tk-themes.net/html-umbra/css/owl.theme.css]
[tk-themes.net/html-umbra/fonts/star.eot]
[tk-themes.net/html-umbra/fonts/ElegantIcons.svg]
[tk-themes.net/html-umbra/fonts/stard41d.eot]
[tk-themes.net/html-umbra/fonts/star.woff]
[tk-themes.net/html-umbra/fonts/star.ttf]
[tk-themes.net/html-umbra/fonts/star.svg]
[tk-themes.net/html-umbra/images/background/bg_sale.png]
[tk-themes.net/html-umbra/images/background/404.jpg]
[tk-themes.net/html-umbra/images/background/bg_partner.jpg]
[tk-themes.net/html-umbra/images/background/bg_testi.jpg]
[tk-themes.net/html-umbra/images/background/bg_testi2.jpg]
[tk-themes.net/html-umbra/images/background/bg_countdow2.jpg]
[tk-themes.net/html-umbra/images/background/bg_countdow4.jpg]
[tk-themes.net/html-umbra/images/background/bg_mailchip2.jpg]
[tk-themes.net/html-umbra/images/background/bg_mailchip3.jpg]
[tk-themes.net/html-umbra/images/background/bg_mailchip4.jpg]
[tk-themes.net/html-umbra/images/background/bg_mailchip5.jpg]
[tk-themes.net/html-umbra/images/background/bg_countdow.jpg]
[tk-themes.net/html-umbra/images/background/bg_countdow3.jpg]
[tk-themes.net/html-umbra/images/background/bg_mailchip.jpg]
[tk-themes.net/html-umbra/images/background/bg_page_title.jpg]
[tk-themes.net/html-umbra/images/background/bg_page_title_shop.jpg]
[tk-themes.net/html-umbra/images/background/bg_page_title_cart.jpg]
[tk-themes.net/html-umbra/images/background/bg_page_title_about.jpg]
[tk-themes.net/html-umbra/images/quickview-close.png]
[tk-themes.net/html-umbra/images/arrow.png]
[tk-themes.net/html-umbra/images/prev_owl.png]
[tk-themes.net/html-umbra/images/next_ow.png]
[tk-themes.net/html-umbra/css/style.css]
[tk-themes.net/html-umbra/css/custom.css]
[tk-themes.net/html-umbra/images/banner/banner_6.jpg]
[tk-themes.net/html-umbra/images/banner/banner_7.jpg]
[tk-themes.net/html-umbra/images/banner/banner_8.jpg]
[tk-themes.net/html-umbra/images/product/product_7.jpg]
[tk-themes.net/html-umbra/images/product/product_7b.jpg]
[tk-themes.net/html-umbra/images/product/product_7c.jpg]
[tk-themes.net/html-umbra/images/product/product_8.jpg]
[tk-themes.net/html-umbra/images/product/product_8b.jpg]
[tk-themes.net/html-umbra/images/product/product_9.jpg]
[tk-themes.net/html-umbra/images/product/product_9b.jpg]
[tk-themes.net/html-umbra/images/product/product_9c.jpg]
[tk-themes.net/html-umbra/images/blog/blog_3.jpg]
[tk-themes.net/html-umbra/images/blog/blog_4.jpg]
[tk-themes.net/html-umbra/index-2.html]
[tk-themes.net/html-umbra/images/banner/banner_9.jpg]
[tk-themes.net/html-umbra/images/banner/banner_10.jpg]
[tk-themes.net/html-umbra/images/blog/blog_5.jpg]
[tk-themes.net/html-umbra/images/blog/blog_6.jpg]
[tk-themes.net/html-umbra/index-3.html]
[tk-themes.net/html-umbra/images/slider/slider_4.jpg]
[tk-themes.net/html-umbra/images/banner/banner_11.jpg]
[tk-themes.net/html-umbra/images/product/simple/product_1.jpg]
[tk-themes.net/html-umbra/images/product/simple/product_2.jpg]
[tk-themes.net/html-umbra/images/product/simple/product_3.jpg]
[tk-themes.net/html-umbra/images/product/simple/product_4.jpg]
[tk-themes.net/html-umbra/images/banner/banner_12.jpg]
[tk-themes.net/html-umbra/images/product/simple/product_5.jpg]
[tk-themes.net/html-umbra/images/product/simple/product_6.jpg]
[tk-themes.net/html-umbra/images/product/simple/product_7.jpg]
[tk-themes.net/html-umbra/images/product/simple/product_8.jpg]
[tk-themes.net/html-umbra/images/banner/banner_13.jpg]
[tk-themes.net/html-umbra/images/product/simple/product_9.jpg]
[tk-themes.net/html-umbra/images/product/simple/product_10.jpg]
[tk-themes.net/html-umbra/images/product/simple/product_11.jpg]
[tk-themes.net/html-umbra/images/product/simple/product_12.jpg]
[tk-themes.net/html-umbra/images/banner/banner_14.jpg]
[tk-themes.net/html-umbra/index-4.html]
[tk-themes.net/html-umbra/images/slider/slider_5.jpg]
[tk-themes.net/html-umbra/images/slider/men_1.png]
[tk-themes.net/html-umbra/images/slider/men_2.png]
[tk-themes.net/html-umbra/images/slider/logo.png]
[tk-themes.net/html-umbra/images/categories/custom_cat.jpg]
[tk-themes.net/html-umbra/images/categories/custom_cat2.jpg]
[tk-themes.net/html-umbra/images/categories/custom_cat3.jpg]
[tk-themes.net/html-umbra/images/product/product_10.jpg]
[tk-themes.net/html-umbra/images/product/product_10b.jpg]
[tk-themes.net/html-umbra/images/product/product_11.jpg]
[tk-themes.net/html-umbra/images/product/product_11b.jpg]
[tk-themes.net/html-umbra/images/product/product_12.jpg]
[tk-themes.net/html-umbra/images/product/product_12b.jpg]
[tk-themes.net/html-umbra/images/product/product_13.jpg]
[tk-themes.net/html-umbra/images/product/product_13b.jpg]
[tk-themes.net/html-umbra/images/product/product_14.jpg]
[tk-themes.net/html-umbra/images/product/product_14b.jpg]
[tk-themes.net/html-umbra/images/product/product_15.jpg]
[tk-themes.net/html-umbra/images/product/product_15b.jpg]
[tk-themes.net/html-umbra/images/product/product_16.jpg]
[tk-themes.net/html-umbra/images/product/product_16b.jpg]
[tk-themes.net/html-umbra/images/product/product_17.jpg]
[tk-themes.net/html-umbra/images/product/product_17b.jpg]
[tk-themes.net/html-umbra/images/product/product_18.jpg]
[tk-themes.net/html-umbra/images/product/product_18b.jpg]
[tk-themes.net/html-umbra/images/product/product_19.jpg]
[tk-themes.net/html-umbra/images/product/product_19b.jpg]
[tk-themes.net/html-umbra/images/product/product_20.jpg]
[tk-themes.net/html-umbra/images/product/product_20b.jpg]
[tk-themes.net/html-umbra/images/product/product_21.jpg]
[tk-themes.net/html-umbra/images/product/product_21b.jpg]
[tk-themes.net/html-umbra/images/product/product_22.jpg]
[tk-themes.net/html-umbra/images/product/product_22b.jpg]
[tk-themes.net/html-umbra/images/product/product_23.jpg]
[tk-themes.net/html-umbra/images/product/product_23b.jpg]
[tk-themes.net/html-umbra/images/product/product_24.jpg]
[tk-themes.net/html-umbra/images/product/product_24b.jpg]
[tk-themes.net/html-umbra/images/product/product_25.jpg]
[tk-themes.net/html-umbra/images/product/product_25b.jpg]
[tk-themes.net/html-umbra/images/product/product_26.jpg]
[tk-themes.net/html-umbra/images/product/product_26b.jpg]
[tk-themes.net/html-umbra/images/product/product_27.jpg]
[tk-themes.net/html-umbra/images/product/product_27b.jpg]
[tk-themes.net/html-umbra/images/product/product_28.jpg]
[tk-themes.net/html-umbra/images/product/product_28b.jpg]
[tk-themes.net/html-umbra/images/product/product_29.jpg]
[tk-themes.net/html-umbra/images/product/product_29b.jpg]
[tk-themes.net/html-umbra/images/product-countdow.png]
[tk-themes.net/html-umbra/js/jquery.isotope.init.js]
[tk-themes.net/html-umbra/index-5.html]
[tk-themes.net/html-umbra/images/slider/slider_6.jpg]
[tk-themes.net/html-umbra/images/slider/woman_1.png]
[tk-themes.net/html-umbra/images/slider/woman_2.png]
[tk-themes.net/html-umbra/images/services/truck.png]
[tk-themes.net/html-umbra/images/services/payment.png]
[tk-themes.net/html-umbra/images/services/warranty.png]
[tk-themes.net/html-umbra/images/services/money.png]
[tk-themes.net/html-umbra/images/image_2.png]
[tk-themes.net/html-umbra/images/product/product_30.jpg]
[tk-themes.net/html-umbra/images/product/product_30b.jpg]
[tk-themes.net/html-umbra/images/product/product_31.jpg]
[tk-themes.net/html-umbra/images/product/product_31b.jpg]
[tk-themes.net/html-umbra/images/product/product_32.jpg]
[tk-themes.net/html-umbra/images/product/product_32b.jpg]
[tk-themes.net/html-umbra/images/product/product_33.jpg]
[tk-themes.net/html-umbra/images/product/product_33b.jpg]
[tk-themes.net/html-umbra/images/product/product_34.jpg]
[tk-themes.net/html-umbra/images/product/product_34b.jpg]
[tk-themes.net/html-umbra/images/product/product_35.jpg]
[tk-themes.net/html-umbra/images/product/product_35b.jpg]
[tk-themes.net/html-umbra/images/product/product_36.jpg]
[tk-themes.net/html-umbra/images/product/product_37.jpg]
[tk-themes.net/html-umbra/images/product/product_37b.jpg]
[tk-themes.net/html-umbra/images/product/product_39.jpg]
[tk-themes.net/html-umbra/images/product/product_39b.jpg]
[tk-themes.net/html-umbra/images/product/product_40.jpg]
[tk-themes.net/html-umbra/images/product/product_40b.jpg]
[tk-themes.net/html-umbra/images/product/product_41.jpg]
[tk-themes.net/html-umbra/images/image_3.png]
[tk-themes.net/html-umbra/index-6.html]
[tk-themes.net/html-umbra/images/slider/look-book2.png]
[tk-themes.net/html-umbra/images/slider/men_3.png]
[tk-themes.net/html-umbra/images/slider/logo2.png]
[tk-themes.net/html-umbra/images/product/product_42.jpg]
[tk-themes.net/html-umbra/images/product/product_42b.jpg]
[tk-themes.net/html-umbra/images/product/product_43.jpg]
[tk-themes.net/html-umbra/images/product/product_43b.jpg]
[tk-themes.net/html-umbra/images/product/product_44.jpg]
[tk-themes.net/html-umbra/images/product/product_45.jpg]
[tk-themes.net/html-umbra/images/product/product_45b.jpg]
[tk-themes.net/html-umbra/images/product/product_46.jpg]
[tk-themes.net/html-umbra/images/product/product_46b.jpg]
[tk-themes.net/html-umbra/images/product/product_38.jpg]
[tk-themes.net/html-umbra/images/product/product_38b.jpg]
[tk-themes.net/html-umbra/images/product/product_47.jpg]
[tk-themes.net/html-umbra/images/banner/banner_15.jpg]
[tk-themes.net/html-umbra/images/banner/banner_16.jpg]
[tk-themes.net/html-umbra/index-7.html]
[tk-themes.net/html-umbra/images/blog/blog-list/blog_1.jpg]
[tk-themes.net/html-umbra/images/blog/blog-list/blog_2.jpg]
[tk-themes.net/html-umbra/images/blog/blog-list/blog_3.jpg]
[tk-themes.net/html-umbra/images/blog/blog-list/blog_4.jpg]
[tk-themes.net/html-umbra/blog.html]
[tk-themes.net/html-umbra/images/blog/blog-masonry/blog_1.jpg]
[tk-themes.net/html-umbra/images/blog/blog-masonry/blog_2.jpg]
[tk-themes.net/html-umbra/images/blog/blog-masonry/blog_3.jpg]
[tk-themes.net/html-umbra/images/blog/blog-masonry/blog_4.jpg]
[tk-themes.net/html-umbra/images/blog/blog-masonry/blog_5.jpg]
[tk-themes.net/html-umbra/images/blog/blog-masonry/blog_6.jpg]
[tk-themes.net/html-umbra/images/blog/blog-masonry/blog_7.jpg]
[tk-themes.net/html-umbra/images/blog/blog-masonry/blog_8.jpg]
[tk-themes.net/html-umbra/images/blog/blog-masonry/blog_9.jpg]
[tk-themes.net/html-umbra/blog-masonry.html]
[tk-themes.net/html-umbra/blog-grid.html]
[tk-themes.net/html-umbra/blog-alternate.html]
[tk-themes.net/html-umbra/blog-zigzag.html]
[tk-themes.net/html-umbra/blog-zigzag-2.html]
[tk-themes.net/html-umbra/blog-zigzag-3.html]
[tk-themes.net/html-umbra/images/avatar/avatar_4.jpg]
[tk-themes.net/html-umbra/blog-detail.html]
[tk-themes.net/html-umbra/shop.html]
[tk-themes.net/html-umbra/shop-2.html]
[tk-themes.net/html-umbra/shop-3.html]
[tk-themes.net/html-umbra/shop-list.html]
[tk-themes.net/html-umbra/images/product/thumb/product_detail_thumb_1.jpg]
[tk-themes.net/html-umbra/images/product/thumb/product_detail_thumb_2.jpg]
[tk-themes.net/html-umbra/images/product/product_detail_1.jpg]
[tk-themes.net/html-umbra/images/product/product_detail_2.jpg]
[tk-themes.net/html-umbra/shop-detail.html]
[tk-themes.net/html-umbra/cart.html]
[tk-themes.net/html-umbra/cart-empty.html]
[tk-themes.net/html-umbra/my-account.html]
[tk-themes.net/html-umbra/wishlist.html]
[tk-themes.net/html-umbra/faq.html]
[tk-themes.net/html-umbra/images/signature.png]
[tk-themes.net/html-umbra/images/about-user.jpg]
[tk-themes.net/html-umbra/images/banner/banner_17.jpg]
[tk-themes.net/html-umbra/images/banner/banner_18.jpg]
[tk-themes.net/html-umbra/images/team/team_1.jpg]
[tk-themes.net/html-umbra/images/team/team_2.jpg]
[tk-themes.net/html-umbra/images/team/team_3.jpg]
[tk-themes.net/html-umbra/about-us.html]
[tk-themes.net/html-umbra/404.html]
[tk-themes.net/html-umbra/images/vector_location.png]
[tk-themes.net/html-umbra/images/vector_chat.png]
[tk-themes.net/html-umbra/images/vector_alarm.png]
[tk-themes.net/html-umbra/contact-us.html]
[tk-themes.net/html-umbra/ajax/product-quickview.html]
[tk-themes.net/html-umbra/fonts/glyphicons-halflings-regular.html]
[tk-themes.net/html-umbra/fonts/glyphicons-halflings-regulard41d.html]
[tk-themes.net/html-umbra/fonts/glyphicons-halflings-regular-2.html]
[tk-themes.net/html-umbra/fonts/glyphicons-halflings-regular-3.html]
[tk-themes.net/html-umbra/fonts/glyphicons-halflings-regular-4.html]
[tk-themes.net/html-umbra/fonts/glyphicons-halflings-regular-5.html]
[tk-themes.net/html-umbra/fonts/revicons.svg]
[tk-themes.net/html-umbra/css/openhand.html]
[tk-themes.net/html-umbra/css/closedhand.html]
[tk-themes.net/html-umbra/assets/gridtile.html]
[tk-themes.net/html-umbra/assets/gridtile_white.html]
[tk-themes.net/html-umbra/assets/gridtile_3x3.html]
[tk-themes.net/html-umbra/assets/gridtile_3x3_white.html]
[tk-themes.net/html-umbra/assets/coloredbg.html]
[tk-themes.net/html-umbra/assets/loader.html]
[tk-themes.net/html-umbra/fonts/fontawesome-webfont5b62.svg]
[tk-themes.net/html-umbra/fonts/ElegantIcons.svg]
[tk-themes.net/html-umbra/css/AjaxLoader.html]
[tk-themes.net/html-umbra/fonts/star.svg]
[scontent.cdninstagram.com/t51.2885-15/s480x480/e35/13129933_280118965656340_2033838901_n.jpg]
[scontent.cdninstagram.com/t51.2885-15/e35/13150898_486521964871587_225578953_n.jpg]
[scontent.cdninstagram.com/t51.2885-15/e35/13129121_1256124827748565_158663066_n.jpg]
[scontent.cdninstagram.com/t51.2885-15/s480x480/e35/13126643_258134164540180_1041166948_n.jpg]
[scontent.cdninstagram.com/t51.2885-15/s480x480/e35/13102328_1731108780505827_1843871631_n.jpg]
[scontent.cdninstagram.com/t51.2885-15/s480x480/e35/13257049_886478884831013_249118535_n.jpg]
[scontent.cdninstagram.com/t51.2885-15/s320x320/e35/13116729_700539396751527_1765922109_n.jpg]
[scontent.cdninstagram.com/t51.2885-15/s480x480/e35/13269326_235439696833039_949850806_n.jpg]
[tk-themes.net/html-umbra/ajax/images/product/product_1.html]
